maxcycles: 20000000
ispm: tests/sal/build/emulator/nist1.inst.mem
dspm: tests/sal/build/emulator/nist1.data.mem
vcd: tests/sal/results/emulator/4tf-16i-16d-mul-ti/nist1.vcd
sssscccc3333ссссЃЃЃЃooooЌЌЌЌЊЊЊЊЃЃЃЃууууззззccccЊЊЊЊ3333####ooooccccssssooooggggииииЊЊЊЊииии####ЊЊЊЊссссggggииии####3333№№№№ииииииииЊЊЊЊ####ЃЃЃЃЊЊЊЊ####ЊЊЊЊ####ggggииииЊЊЊЊииии####ЃЃЃЃииииcccc####ЃЃЃЃссссggggииииЊЊЊЊ3333####cccc####ggggииииЊЊЊЊ3333gggg77777777ЊЊЊЊoooo####ccccЊЊЊЊЊЊЊЊЊЊЊЊсссс####сссс7777ЊЊЊЊ####ggggЃЃЃЃ7777cccc####ЃЃЃЃссссggggииииииииЊЊЊЊЊЊЊЊЊЊЊЊ########ssssssssЃЃЃЃссссссссссссииии7777ииииЃЃЃЃЊЊЊЊoooo####ЊЊЊЊccccЊЊЊЊЊЊЊЊсссс####ЊЊЊЊссссииииЊЊЊЊ####ЊЊЊЊииииcccc####ЊЊЊЊссссззззggggSalmanSalmanSalmanSalman0000000AGPIO (tid = 0, cycle =    9330): 0x00000003
*** PASSED ***
Counters for tid = 0
Processor cycles = 9349
Thread cycles = 3138
Commit cycles = 3128
Counters for tid = 1
Processor cycles = 9349
Thread cycles = 3105
Commit cycles = 3105
Counters for tid = 2
Processor cycles = 9349
Thread cycles = 3106
Commit cycles = 3105
Counters for tid = 3
Processor cycles = 9349
Thread cycles = 0
Commit cycles = 0
