maxcycles: 20000000
ispm: tests/examples/build/emulator/both_comm.inst.mem
dspm: tests/examples/build/emulator/both_comm.data.mem
vcd: tests/examples/results/emulator/4tf-32i-32d-mul-ti/both_comm.vcd
GPIO (tid = 1, cycle =     147): 0x00000001
GPIO (tid = 2, cycle =     149): 0x00000001
GPIO (tid = 2, cycle =     362): 0x00000000
GPIO (tid = 1, cycle =     615): 0x00000000
GPIO (tid = 2, cycle =    1115): 0x00000001
GPIO (tid = 1, cycle =    1116): 0x00000001
GPIO (tid = 2, cycle =    1364): 0x00000000
GPIO (tid = 1, cycle =    1614): 0x00000000
GPIO (tid = 2, cycle =    2117): 0x00000001
GPIO (tid = 1, cycle =    2118): 0x00000001
GPIO (tid = 1, cycle =    2127): 0x00000003
GPIO (tid = 1, cycle =    2613): 0x00000002
GPIO (tid = 2, cycle =    2864): 0x00000000
GPIO (tid = 2, cycle =    3116): 0x00000001
GPIO (tid = 1, cycle =    3117): 0x00000003
GPIO (tid = 1, cycle =    3126): 0x00000001
GPIO (tid = 2, cycle =    3362): 0x00000000
GPIO (tid = 1, cycle =    3615): 0x00000000
GPIO (tid = 2, cycle =    4115): 0x00000001
GPIO (tid = 1, cycle =    4116): 0x00000001
GPIO (tid = 1, cycle =    4125): 0x00000003
GPIO (tid = 1, cycle =    4614): 0x00000002
GPIO (tid = 2, cycle =    4862): 0x00000000
GPIO (tid = 2, cycle =    5117): 0x00000001
GPIO (tid = 1, cycle =    5118): 0x00000003
GPIO (tid = 1, cycle =    5613): 0x00000002
GPIO (tid = 2, cycle =    5864): 0x00000000
GPIO (tid = 2, cycle =    6116): 0x00000001
GPIO (tid = 1, cycle =    6117): 0x00000003
GPIO (tid = 1, cycle =    6615): 0x00000002
GPIO (tid = 2, cycle =    6863): 0x00000000
GPIO (tid = 2, cycle =    7115): 0x00000001
GPIO (tid = 1, cycle =    7116): 0x00000003
GPIO (tid = 1, cycle =    7125): 0x00000001
GPIO (tid = 2, cycle =    7364): 0x00000000
GPIO (tid = 1, cycle =    7614): 0x00000000
GPIO (tid = 2, cycle =    8132): 0x00000001
GPIO (tid = 1, cycle =    8133): 0x00000001
GPIO (tid = 1, cycle =    8142): 0x00000003
GPIO (tid = 1, cycle =    8613): 0x00000002
GPIO (tid = 2, cycle =    8864): 0x00000000
GPIO (tid = 2, cycle =    9116): 0x00000001
GPIO (tid = 1, cycle =    9117): 0x00000003
GPIO (tid = 1, cycle =    9126): 0x00000001
GPIO (tid = 2, cycle =    9362): 0x00000000
GPIO (tid = 1, cycle =    9615): 0x00000000
GPIO (tid = 2, cycle =   10115): 0x00000001
GPIO (tid = 1, cycle =   10116): 0x00000001
GPIO (tid = 1, cycle =   10125): 0x00000003
GPIO (tid = 1, cycle =   10614): 0x00000002
GPIO (tid = 2, cycle =   10862): 0x00000000
GPIO (tid = 2, cycle =   11117): 0x00000001
GPIO (tid = 1, cycle =   11118): 0x00000003
GPIO (tid = 1, cycle =   11127): 0x00000001
GPIO (tid = 2, cycle =   11363): 0x00000000
GPIO (tid = 1, cycle =   11613): 0x00000000
GPIO (tid = 2, cycle =   12116): 0x00000001
GPIO (tid = 1, cycle =   12117): 0x00000001
GPIO (tid = 2, cycle =   12362): 0x00000000
GPIO (tid = 1, cycle =   12615): 0x00000000
GPIO (tid = 2, cycle =   13115): 0x00000001
GPIO (tid = 1, cycle =   13116): 0x00000001
GPIO (tid = 1, cycle =   13125): 0x00000003
GPIO (tid = 1, cycle =   13614): 0x00000002
GPIO (tid = 2, cycle =   13862): 0x00000000
GPIO (tid = 2, cycle =   14117): 0x00000001
GPIO (tid = 1, cycle =   14118): 0x00000003
GPIO (tid = 1, cycle =   14613): 0x00000002
GPIO (tid = 2, cycle =   14864): 0x00000000
GPIO (tid = 2, cycle =   15116): 0x00000001
GPIO (tid = 1, cycle =   15117): 0x00000003
GPIO (tid = 1, cycle =   15126): 0x00000001
GPIO (tid = 2, cycle =   15362): 0x00000000
GPIO (tid = 1, cycle =   15615): 0x00000000
GPIO (tid = 2, cycle =   16130): 0x00000001
GPIO (tid = 1, cycle =   16131): 0x00000001
GPIO (tid = 1, cycle =   16140): 0x00000003
GPIO (tid = 1, cycle =   16614): 0x00000002
GPIO (tid = 2, cycle =   16862): 0x00000000
GPIO (tid = 2, cycle =   17117): 0x00000001
GPIO (tid = 1, cycle =   17118): 0x00000003
GPIO (tid = 1, cycle =   17613): 0x00000002
GPIO (tid = 2, cycle =   17864): 0x00000000
GPIO (tid = 2, cycle =   18116): 0x00000001
GPIO (tid = 1, cycle =   18117): 0x00000003
GPIO (tid = 1, cycle =   18126): 0x00000001
GPIO (tid = 2, cycle =   18362): 0x00000000
GPIO (tid = 1, cycle =   18615): 0x00000000
GPIO (tid = 2, cycle =   19115): 0x00000001
GPIO (tid = 1, cycle =   19116): 0x00000001
GPIO (tid = 2, cycle =   19364): 0x00000000
GPIO (tid = 1, cycle =   19614): 0x00000000
GPIO (tid = 2, cycle =   20117): 0x00000001
GPIO (tid = 1, cycle =   20118): 0x00000001
GPIO (tid = 1, cycle =   20127): 0x00000003
GPIO (tid = 1, cycle =   20613): 0x00000002
GPIO (tid = 2, cycle =   20864): 0x00000000
GPIO (tid = 2, cycle =   21116): 0x00000001
GPIO (tid = 1, cycle =   21117): 0x00000003
GPIO (tid = 1, cycle =   21615): 0x00000002
GPIO (tid = 2, cycle =   21863): 0x00000000
GPIO (tid = 2, cycle =   22115): 0x00000001
GPIO (tid = 1, cycle =   22116): 0x00000003
GPIO (tid = 1, cycle =   22614): 0x00000002
GPIO (tid = 2, cycle =   22862): 0x00000000
GPIO (tid = 2, cycle =   23117): 0x00000001
GPIO (tid = 1, cycle =   23118): 0x00000003
GPIO (tid = 1, cycle =   23127): 0x00000001
GPIO (tid = 2, cycle =   23363): 0x00000000
GPIO (tid = 1, cycle =   23613): 0x00000000
GPIO (tid = 2, cycle =   24131): 0x00000001
GPIO (tid = 1, cycle =   24132): 0x00000001
GPIO (tid = 2, cycle =   24362): 0x00000000
GPIO (tid = 1, cycle =   24615): 0x00000000
GPIO (tid = 2, cycle =   25115): 0x00000001
GPIO (tid = 1, cycle =   25116): 0x00000001
GPIO (tid = 2, cycle =   25364): 0x00000000
GPIO (tid = 1, cycle =   25614): 0x00000000
GPIO (tid = 2, cycle =   26117): 0x00000001
GPIO (tid = 1, cycle =   26118): 0x00000001
GPIO (tid = 1, cycle =   26127): 0x00000003
GPIO (tid = 1, cycle =   26613): 0x00000002
GPIO (tid = 2, cycle =   26864): 0x00000000
GPIO (tid = 2, cycle =   27116): 0x00000001
GPIO (tid = 1, cycle =   27117): 0x00000003
GPIO (tid = 1, cycle =   27126): 0x00000001
GPIO (tid = 2, cycle =   27362): 0x00000000
GPIO (tid = 1, cycle =   27615): 0x00000000
GPIO (tid = 2, cycle =   28115): 0x00000001
GPIO (tid = 1, cycle =   28116): 0x00000001
GPIO (tid = 1, cycle =   28125): 0x00000003
GPIO (tid = 1, cycle =   28614): 0x00000002
GPIO (tid = 2, cycle =   28862): 0x00000000
GPIO (tid = 2, cycle =   29117): 0x00000001
GPIO (tid = 1, cycle =   29118): 0x00000003
GPIO (tid = 1, cycle =   29613): 0x00000002
GPIO (tid = 2, cycle =   29864): 0x00000000
GPIO (tid = 2, cycle =   30116): 0x00000001
GPIO (tid = 1, cycle =   30117): 0x00000003
GPIO (tid = 1, cycle =   30615): 0x00000002
GPIO (tid = 2, cycle =   30863): 0x00000000
GPIO (tid = 2, cycle =   31115): 0x00000001
GPIO (tid = 1, cycle =   31116): 0x00000003
GPIO (tid = 1, cycle =   31125): 0x00000001
GPIO (tid = 2, cycle =   31364): 0x00000000
GPIO (tid = 1, cycle =   31614): 0x00000000
GPIO (tid = 0, cycle =   32164): 0x00000003
*** PASSED ***
