maxcycles: 20000000
ispm: tests/examples/build/emulator/duty_comm.inst.mem
dspm: tests/examples/build/emulator/duty_comm.data.mem
vcd: tests/examples/results/emulator/4tf-32i-32d-mul-ti/duty_comm.vcd
GPIO (tid = 0, cycle =     258): 0x00000001
GPIO (tid = 0, cycle =     328): 0x00000000
GPIO (tid = 0, cycle =     378): 0x00000001
GPIO (tid = 0, cycle =     448): 0x00000000
GPIO (tid = 0, cycle =     498): 0x00000001
GPIO (tid = 0, cycle =     568): 0x00000000
GPIO (tid = 0, cycle =     618): 0x00000001
GPIO (tid = 0, cycle =     653): 0x00000000
GPIO (tid = 0, cycle =     738): 0x00000001
GPIO (tid = 0, cycle =     773): 0x00000000
GPIO (tid = 0, cycle =     858): 0x00000001
GPIO (tid = 0, cycle =     928): 0x00000000
GPIO (tid = 0, cycle =     978): 0x00000001
GPIO (tid = 0, cycle =    1048): 0x00000000
GPIO (tid = 0, cycle =    1098): 0x00000001
GPIO (tid = 0, cycle =    1133): 0x00000000
GPIO (tid = 0, cycle =    1218): 0x00000001
GPIO (tid = 0, cycle =    1288): 0x00000000
GPIO (tid = 0, cycle =    1338): 0x00000001
GPIO (tid = 0, cycle =    1373): 0x00000000
GPIO (tid = 0, cycle =    1458): 0x00000001
GPIO (tid = 0, cycle =    1528): 0x00000000
GPIO (tid = 0, cycle =    1578): 0x00000001
GPIO (tid = 0, cycle =    1613): 0x00000000
GPIO (tid = 0, cycle =    1698): 0x00000001
GPIO (tid = 0, cycle =    1733): 0x00000000
GPIO (tid = 0, cycle =    1818): 0x00000001
GPIO (tid = 0, cycle =    1853): 0x00000000
GPIO (tid = 0, cycle =    1938): 0x00000001
GPIO (tid = 0, cycle =    2008): 0x00000000
GPIO (tid = 0, cycle =    2058): 0x00000001
GPIO (tid = 0, cycle =    2093): 0x00000000
GPIO (tid = 0, cycle =    2178): 0x00000001
GPIO (tid = 0, cycle =    2248): 0x00000000
GPIO (tid = 0, cycle =    2298): 0x00000001
GPIO (tid = 0, cycle =    2368): 0x00000000
GPIO (tid = 0, cycle =    2418): 0x00000001
GPIO (tid = 0, cycle =    2453): 0x00000000
GPIO (tid = 0, cycle =    2538): 0x00000001
GPIO (tid = 0, cycle =    2573): 0x00000000
GPIO (tid = 0, cycle =    2658): 0x00000001
GPIO (tid = 0, cycle =    2693): 0x00000000
GPIO (tid = 0, cycle =    2778): 0x00000001
GPIO (tid = 0, cycle =    2848): 0x00000000
GPIO (tid = 0, cycle =    2898): 0x00000001
GPIO (tid = 0, cycle =    2933): 0x00000000
GPIO (tid = 0, cycle =    3018): 0x00000001
GPIO (tid = 0, cycle =    3053): 0x00000000
GPIO (tid = 0, cycle =    3138): 0x00000001
GPIO (tid = 0, cycle =    3208): 0x00000000
GPIO (tid = 0, cycle =    3258): 0x00000001
GPIO (tid = 0, cycle =    3293): 0x00000000
GPIO (tid = 0, cycle =    3378): 0x00000001
GPIO (tid = 0, cycle =    3413): 0x00000000
GPIO (tid = 0, cycle =    3498): 0x00000001
GPIO (tid = 0, cycle =    3533): 0x00000000
GPIO (tid = 0, cycle =    3618): 0x00000001
GPIO (tid = 0, cycle =    3653): 0x00000000
GPIO (tid = 0, cycle =    3738): 0x00000001
GPIO (tid = 0, cycle =    3773): 0x00000000
GPIO (tid = 0, cycle =    3858): 0x00000001
GPIO (tid = 0, cycle =    3893): 0x00000000
GPIO (tid = 0, cycle =    3978): 0x00000001
GPIO (tid = 0, cycle =    4013): 0x00000000
GPIO (tid = 0, cycle =    4098): 0x00000001
GPIO (tid = 0, cycle =    4168): 0x00000000
GPIO (tid = 0, cycle =    4218): 0x00000001
GPIO (tid = 0, cycle =    4288): 0x00000000
GPIO (tid = 0, cycle =    4338): 0x00000001
GPIO (tid = 0, cycle =    4408): 0x00000000
GPIO (tid = 0, cycle =    4458): 0x00000001
GPIO (tid = 0, cycle =    4528): 0x00000000
GPIO (tid = 0, cycle =    4578): 0x00000001
GPIO (tid = 0, cycle =    4613): 0x00000000
GPIO (tid = 0, cycle =    4698): 0x00000001
GPIO (tid = 0, cycle =    4768): 0x00000000
GPIO (tid = 0, cycle =    4818): 0x00000001
GPIO (tid = 0, cycle =    4888): 0x00000000
GPIO (tid = 0, cycle =    4938): 0x00000001
GPIO (tid = 0, cycle =    5008): 0x00000000
GPIO (tid = 0, cycle =    5058): 0x00000001
GPIO (tid = 0, cycle =    5128): 0x00000000
GPIO (tid = 0, cycle =    5178): 0x00000001
GPIO (tid = 0, cycle =    5213): 0x00000000
GPIO (tid = 0, cycle =    5298): 0x00000001
GPIO (tid = 0, cycle =    5368): 0x00000000
GPIO (tid = 0, cycle =    5418): 0x00000001
GPIO (tid = 0, cycle =    5488): 0x00000000
GPIO (tid = 0, cycle =    5538): 0x00000001
GPIO (tid = 0, cycle =    5573): 0x00000000
GPIO (tid = 0, cycle =    5658): 0x00000001
GPIO (tid = 0, cycle =    5693): 0x00000000
GPIO (tid = 0, cycle =    5778): 0x00000001
GPIO (tid = 0, cycle =    5848): 0x00000000
GPIO (tid = 0, cycle =    5898): 0x00000001
GPIO (tid = 0, cycle =    5968): 0x00000000
GPIO (tid = 0, cycle =    6018): 0x00000001
GPIO (tid = 0, cycle =    6088): 0x00000000
GPIO (tid = 0, cycle =    6138): 0x00000001
GPIO (tid = 0, cycle =    6208): 0x00000000
GPIO (tid = 0, cycle =    6258): 0x00000001
GPIO (tid = 0, cycle =    6293): 0x00000000
GPIO (tid = 0, cycle =    6378): 0x00000001
GPIO (tid = 0, cycle =    6448): 0x00000000
GPIO (tid = 0, cycle =    6498): 0x00000001
GPIO (tid = 0, cycle =    6533): 0x00000000
GPIO (tid = 0, cycle =    6618): 0x00000001
GPIO (tid = 0, cycle =    6688): 0x00000000
GPIO (tid = 0, cycle =    6738): 0x00000001
GPIO (tid = 0, cycle =    6773): 0x00000000
GPIO (tid = 0, cycle =    6858): 0x00000001
GPIO (tid = 0, cycle =    6928): 0x00000000
GPIO (tid = 0, cycle =    6978): 0x00000001
GPIO (tid = 0, cycle =    7048): 0x00000000
GPIO (tid = 0, cycle =    7098): 0x00000001
GPIO (tid = 0, cycle =    7133): 0x00000000
GPIO (tid = 0, cycle =    7218): 0x00000001
GPIO (tid = 0, cycle =    7253): 0x00000000
GPIO (tid = 0, cycle =    7338): 0x00000001
GPIO (tid = 0, cycle =    7408): 0x00000000
GPIO (tid = 0, cycle =    7458): 0x00000001
GPIO (tid = 0, cycle =    7493): 0x00000000
GPIO (tid = 0, cycle =    7578): 0x00000001
GPIO (tid = 0, cycle =    7613): 0x00000000
GPIO (tid = 0, cycle =    7698): 0x00000001
GPIO (tid = 0, cycle =    7733): 0x00000000
GPIO (tid = 0, cycle =    7818): 0x00000001
GPIO (tid = 0, cycle =    7888): 0x00000000
*** PASSED ***
