maxcycles: 20000000
ispm: tests/examples/build/emulator/duty_new.inst.mem
dspm: tests/examples/build/emulator/duty_new.data.mem
vcd: tests/examples/results/emulator/4tf-32i-32d-mul-ti/duty_new.vcd
GPIO (tid = 0, cycle =     250): 0x00000001
GPIO (tid = 0, cycle =     320): 0x00000000
GPIO (tid = 0, cycle =     370): 0x00000001
GPIO (tid = 0, cycle =     440): 0x00000000
GPIO (tid = 0, cycle =     490): 0x00000001
GPIO (tid = 0, cycle =     560): 0x00000000
GPIO (tid = 0, cycle =     610): 0x00000001
GPIO (tid = 0, cycle =     680): 0x00000000
GPIO (tid = 0, cycle =     730): 0x00000001
GPIO (tid = 0, cycle =     800): 0x00000000
GPIO (tid = 0, cycle =     850): 0x00000001
GPIO (tid = 0, cycle =     920): 0x00000000
GPIO (tid = 0, cycle =     970): 0x00000001
GPIO (tid = 0, cycle =    1040): 0x00000000
GPIO (tid = 0, cycle =    1090): 0x00000001
GPIO (tid = 0, cycle =    1160): 0x00000000
GPIO (tid = 0, cycle =    1210): 0x00000001
GPIO (tid = 0, cycle =    1280): 0x00000000
GPIO (tid = 0, cycle =    1330): 0x00000001
GPIO (tid = 0, cycle =    1400): 0x00000000
GPIO (tid = 0, cycle =    1450): 0x00000001
GPIO (tid = 0, cycle =    1520): 0x00000000
GPIO (tid = 0, cycle =    1570): 0x00000001
GPIO (tid = 0, cycle =    1640): 0x00000000
GPIO (tid = 0, cycle =    1690): 0x00000001
GPIO (tid = 0, cycle =    1760): 0x00000000
GPIO (tid = 0, cycle =    1810): 0x00000001
GPIO (tid = 0, cycle =    1880): 0x00000000
GPIO (tid = 0, cycle =    1930): 0x00000001
GPIO (tid = 0, cycle =    2000): 0x00000000
GPIO (tid = 0, cycle =    2050): 0x00000001
GPIO (tid = 0, cycle =    2120): 0x00000000
GPIO (tid = 0, cycle =    2170): 0x00000001
GPIO (tid = 0, cycle =    2205): 0x00000000
GPIO (tid = 0, cycle =    2290): 0x00000001
GPIO (tid = 0, cycle =    2325): 0x00000000
GPIO (tid = 0, cycle =    2410): 0x00000001
GPIO (tid = 0, cycle =    2445): 0x00000000
GPIO (tid = 0, cycle =    2530): 0x00000001
GPIO (tid = 0, cycle =    2565): 0x00000000
GPIO (tid = 0, cycle =    2650): 0x00000001
GPIO (tid = 0, cycle =    2685): 0x00000000
GPIO (tid = 0, cycle =    2770): 0x00000001
GPIO (tid = 0, cycle =    2805): 0x00000000
GPIO (tid = 0, cycle =    2890): 0x00000001
GPIO (tid = 0, cycle =    2925): 0x00000000
GPIO (tid = 0, cycle =    3010): 0x00000001
GPIO (tid = 0, cycle =    3045): 0x00000000
GPIO (tid = 0, cycle =    3130): 0x00000001
GPIO (tid = 0, cycle =    3165): 0x00000000
GPIO (tid = 0, cycle =    3250): 0x00000001
GPIO (tid = 0, cycle =    3285): 0x00000000
GPIO (tid = 0, cycle =    3370): 0x00000001
GPIO (tid = 0, cycle =    3405): 0x00000000
GPIO (tid = 0, cycle =    3490): 0x00000001
GPIO (tid = 0, cycle =    3525): 0x00000000
GPIO (tid = 0, cycle =    3610): 0x00000001
GPIO (tid = 0, cycle =    3645): 0x00000000
GPIO (tid = 0, cycle =    3730): 0x00000001
GPIO (tid = 0, cycle =    3765): 0x00000000
GPIO (tid = 0, cycle =    3850): 0x00000001
GPIO (tid = 0, cycle =    3885): 0x00000000
GPIO (tid = 0, cycle =    3970): 0x00000001
GPIO (tid = 0, cycle =    4005): 0x00000000
*** PASSED ***
