maxcycles: 20000000
ispm: tests/examples/build/emulator/sync_comm.inst.mem
dspm: tests/examples/build/emulator/sync_comm.data.mem
vcd: tests/examples/results/emulator/4tf-32i-32d-mul-ti/sync_comm.vcd
GPIO (tid = 0, cycle =     198): 0x00000001
GPIO (tid = 0, cycle =     203): 0x00000003
GPIO (tid = 0, cycle =     258): 0x00000002
GPIO (tid = 0, cycle =     318): 0x00000003
GPIO (tid = 0, cycle =     378): 0x00000002
GPIO (tid = 0, cycle =     438): 0x00000003
GPIO (tid = 0, cycle =     498): 0x00000002
GPIO (tid = 0, cycle =     558): 0x00000003
GPIO (tid = 0, cycle =     561): 0x00000001
GPIO (tid = 0, cycle =     618): 0x00000000
GPIO (tid = 0, cycle =     678): 0x00000001
GPIO (tid = 0, cycle =     738): 0x00000000
GPIO (tid = 0, cycle =     798): 0x00000001
GPIO (tid = 0, cycle =     803): 0x00000003
GPIO (tid = 0, cycle =     858): 0x00000002
GPIO (tid = 0, cycle =     918): 0x00000003
GPIO (tid = 0, cycle =     978): 0x00000002
GPIO (tid = 0, cycle =    1038): 0x00000003
GPIO (tid = 0, cycle =    1041): 0x00000001
GPIO (tid = 0, cycle =    1098): 0x00000000
GPIO (tid = 0, cycle =    1158): 0x00000001
GPIO (tid = 0, cycle =    1163): 0x00000003
GPIO (tid = 0, cycle =    1218): 0x00000002
GPIO (tid = 0, cycle =    1278): 0x00000003
GPIO (tid = 0, cycle =    1281): 0x00000001
GPIO (tid = 0, cycle =    1338): 0x00000000
GPIO (tid = 0, cycle =    1398): 0x00000001
GPIO (tid = 0, cycle =    1403): 0x00000003
GPIO (tid = 0, cycle =    1458): 0x00000002
GPIO (tid = 0, cycle =    1518): 0x00000003
GPIO (tid = 0, cycle =    1521): 0x00000001
GPIO (tid = 0, cycle =    1578): 0x00000000
GPIO (tid = 0, cycle =    1638): 0x00000001
GPIO (tid = 0, cycle =    1698): 0x00000000
GPIO (tid = 0, cycle =    1758): 0x00000001
GPIO (tid = 0, cycle =    1818): 0x00000000
GPIO (tid = 0, cycle =    1878): 0x00000001
GPIO (tid = 0, cycle =    1883): 0x00000003
GPIO (tid = 0, cycle =    1938): 0x00000002
GPIO (tid = 0, cycle =    1998): 0x00000003
GPIO (tid = 0, cycle =    2001): 0x00000001
GPIO (tid = 0, cycle =    2058): 0x00000000
GPIO (tid = 0, cycle =    2118): 0x00000001
GPIO (tid = 0, cycle =    2123): 0x00000003
GPIO (tid = 0, cycle =    2178): 0x00000002
GPIO (tid = 0, cycle =    2238): 0x00000003
GPIO (tid = 0, cycle =    2298): 0x00000002
GPIO (tid = 0, cycle =    2358): 0x00000003
GPIO (tid = 0, cycle =    2361): 0x00000001
GPIO (tid = 0, cycle =    2418): 0x00000000
GPIO (tid = 0, cycle =    2478): 0x00000001
GPIO (tid = 0, cycle =    2538): 0x00000000
GPIO (tid = 0, cycle =    2598): 0x00000001
GPIO (tid = 0, cycle =    2658): 0x00000000
GPIO (tid = 0, cycle =    2718): 0x00000001
GPIO (tid = 0, cycle =    2723): 0x00000003
GPIO (tid = 0, cycle =    2778): 0x00000002
GPIO (tid = 0, cycle =    2838): 0x00000003
GPIO (tid = 0, cycle =    2841): 0x00000001
GPIO (tid = 0, cycle =    2898): 0x00000000
GPIO (tid = 0, cycle =    2958): 0x00000001
GPIO (tid = 0, cycle =    3018): 0x00000000
GPIO (tid = 0, cycle =    3078): 0x00000001
GPIO (tid = 0, cycle =    3083): 0x00000003
GPIO (tid = 0, cycle =    3138): 0x00000002
GPIO (tid = 0, cycle =    3198): 0x00000003
GPIO (tid = 0, cycle =    3201): 0x00000001
GPIO (tid = 0, cycle =    3258): 0x00000000
GPIO (tid = 0, cycle =    3318): 0x00000001
GPIO (tid = 0, cycle =    3378): 0x00000000
GPIO (tid = 0, cycle =    3438): 0x00000001
GPIO (tid = 0, cycle =    3498): 0x00000000
GPIO (tid = 0, cycle =    3558): 0x00000001
GPIO (tid = 0, cycle =    3618): 0x00000000
GPIO (tid = 0, cycle =    3678): 0x00000001
GPIO (tid = 0, cycle =    3738): 0x00000000
GPIO (tid = 0, cycle =    3798): 0x00000001
GPIO (tid = 0, cycle =    3858): 0x00000000
GPIO (tid = 0, cycle =    3918): 0x00000001
GPIO (tid = 0, cycle =    3978): 0x00000000
GPIO (tid = 0, cycle =    4038): 0x00000001
GPIO (tid = 0, cycle =    4043): 0x00000003
GPIO (tid = 0, cycle =    4098): 0x00000002
GPIO (tid = 0, cycle =    4158): 0x00000003
GPIO (tid = 0, cycle =    4218): 0x00000002
GPIO (tid = 0, cycle =    4278): 0x00000003
GPIO (tid = 0, cycle =    4338): 0x00000002
GPIO (tid = 0, cycle =    4398): 0x00000003
GPIO (tid = 0, cycle =    4458): 0x00000002
GPIO (tid = 0, cycle =    4518): 0x00000003
GPIO (tid = 0, cycle =    4521): 0x00000001
GPIO (tid = 0, cycle =    4578): 0x00000000
GPIO (tid = 0, cycle =    4638): 0x00000001
GPIO (tid = 0, cycle =    4643): 0x00000003
GPIO (tid = 0, cycle =    4698): 0x00000002
GPIO (tid = 0, cycle =    4758): 0x00000003
GPIO (tid = 0, cycle =    4818): 0x00000002
GPIO (tid = 0, cycle =    4878): 0x00000003
GPIO (tid = 0, cycle =    4938): 0x00000002
GPIO (tid = 0, cycle =    4998): 0x00000003
GPIO (tid = 0, cycle =    5058): 0x00000002
GPIO (tid = 0, cycle =    5118): 0x00000003
GPIO (tid = 0, cycle =    5121): 0x00000001
GPIO (tid = 0, cycle =    5178): 0x00000000
GPIO (tid = 0, cycle =    5238): 0x00000001
GPIO (tid = 0, cycle =    5243): 0x00000003
GPIO (tid = 0, cycle =    5298): 0x00000002
GPIO (tid = 0, cycle =    5358): 0x00000003
GPIO (tid = 0, cycle =    5418): 0x00000002
GPIO (tid = 0, cycle =    5478): 0x00000003
GPIO (tid = 0, cycle =    5481): 0x00000001
GPIO (tid = 0, cycle =    5538): 0x00000000
GPIO (tid = 0, cycle =    5598): 0x00000001
GPIO (tid = 0, cycle =    5658): 0x00000000
GPIO (tid = 0, cycle =    5718): 0x00000001
GPIO (tid = 0, cycle =    5723): 0x00000003
GPIO (tid = 0, cycle =    5778): 0x00000002
GPIO (tid = 0, cycle =    5838): 0x00000003
GPIO (tid = 0, cycle =    5898): 0x00000002
GPIO (tid = 0, cycle =    5958): 0x00000003
GPIO (tid = 0, cycle =    6018): 0x00000002
GPIO (tid = 0, cycle =    6078): 0x00000003
GPIO (tid = 0, cycle =    6138): 0x00000002
GPIO (tid = 0, cycle =    6198): 0x00000003
GPIO (tid = 0, cycle =    6201): 0x00000001
GPIO (tid = 0, cycle =    6258): 0x00000000
GPIO (tid = 0, cycle =    6318): 0x00000001
GPIO (tid = 0, cycle =    6323): 0x00000003
GPIO (tid = 0, cycle =    6378): 0x00000002
GPIO (tid = 0, cycle =    6438): 0x00000003
GPIO (tid = 0, cycle =    6441): 0x00000001
GPIO (tid = 0, cycle =    6498): 0x00000000
GPIO (tid = 0, cycle =    6558): 0x00000001
GPIO (tid = 0, cycle =    6563): 0x00000003
GPIO (tid = 0, cycle =    6618): 0x00000002
GPIO (tid = 0, cycle =    6678): 0x00000003
GPIO (tid = 0, cycle =    6681): 0x00000001
GPIO (tid = 0, cycle =    6738): 0x00000000
GPIO (tid = 0, cycle =    6798): 0x00000001
GPIO (tid = 0, cycle =    6803): 0x00000003
GPIO (tid = 0, cycle =    6858): 0x00000002
GPIO (tid = 0, cycle =    6918): 0x00000003
GPIO (tid = 0, cycle =    6978): 0x00000002
GPIO (tid = 0, cycle =    7038): 0x00000003
GPIO (tid = 0, cycle =    7041): 0x00000001
GPIO (tid = 0, cycle =    7098): 0x00000000
GPIO (tid = 0, cycle =    7158): 0x00000001
GPIO (tid = 0, cycle =    7218): 0x00000000
GPIO (tid = 0, cycle =    7278): 0x00000001
GPIO (tid = 0, cycle =    7283): 0x00000003
GPIO (tid = 0, cycle =    7338): 0x00000002
GPIO (tid = 0, cycle =    7398): 0x00000003
GPIO (tid = 0, cycle =    7401): 0x00000001
GPIO (tid = 0, cycle =    7458): 0x00000000
GPIO (tid = 0, cycle =    7518): 0x00000001
GPIO (tid = 0, cycle =    7578): 0x00000000
GPIO (tid = 0, cycle =    7638): 0x00000001
GPIO (tid = 0, cycle =    7698): 0x00000000
GPIO (tid = 0, cycle =    7758): 0x00000001
GPIO (tid = 0, cycle =    7763): 0x00000003
GPIO (tid = 0, cycle =    7818): 0x00000002
*** PASSED ***
